// Jest Snapshot v1, https://goo.gl/fbAQLP

exports[`<MovieDescription> render component correctly 1`] = `
<div>
  <p
    class="sc-AxjAm kaYqpa"
  >
    Description text
  </p>
</div>
`;
